// Jest Snapshot v1, https://goo.gl/fbAQLP

exports[`Render Form with checkbox input | onChange 1`] = `
<form
  className="rfp-form"
>
  <div>
    <div>
      checkbox
    </div>
    <input
      checked={false}
      className="rfp-checkbox"
      id="checkbox"
      onBlur={[Function]}
      onChange={[Function]}
      onFocus={[Function]}
      required={true}
      type="checkbox"
      value={false}
    />
  </div>
</form>
`;
