// Jest Snapshot v1, https://goo.gl/fbAQLP

exports[`Render Form with 3 checkbox inputs | onChange, bindTo, bindToCallback 1`] = `
<form
  className="rfp-form"
>
  <div>
    <div>
      checkbox
    </div>
    <input
      checked={false}
      className="rfp-checkbox"
      id="checkbox"
      onBlur={[Function]}
      onChange={[Function]}
      onFocus={[Function]}
      type="checkbox"
      value={false}
    />
    <div>
      checkbox1
    </div>
    <input
      checked={false}
      className="rfp-checkbox"
      id="checkbox1"
      onBlur={[Function]}
      onChange={[Function]}
      onFocus={[Function]}
      type="checkbox"
      value={false}
    />
    <div>
      checkbox2
    </div>
    <input
      checked={false}
      className="rfp-checkbox"
      id="checkbox2"
      onBlur={[Function]}
      onChange={[Function]}
      onFocus={[Function]}
      type="checkbox"
      value={false}
    />
  </div>
</form>
`;
