// Jest Snapshot v1, https://goo.gl/fbAQLP

exports[`Render Form with checkbox | checkbox all rules 1`] = `
<form>
  <div>
    <div>
      checkbox
    </div>
    <input
      checked={false}
      className="rfp-checkbox"
      id="checkbox"
      invalid={false}
      onBlur={[Function]}
      onChange={[Function]}
      onFocus={[Function]}
      required={true}
      type="checkbox"
      valid={false}
      value={false}
    />
  </div>
  <div>
    <button
      className="rfp-button"
      disabled={false}
      id="submit"
      onClick={[Function]}
      onMouseEnter={[Function]}
      onMouseLeave={[Function]}
      type="submit"
    >
      submit
    </button>
  </div>
</form>
`;
