// Jest Snapshot v1, https://goo.gl/fbAQLP

exports[`Render Form with datetime-local input | datetime-local input no rules 1`] = `
<form>
  <div>
    <div>
      datetime-local
    </div>
    <input
      className="rfp-input"
      id="datetime-local"
      invalid={false}
      onBlur={[Function]}
      onChange={[Function]}
      onFocus={[Function]}
      type="datetime-local"
      valid={false}
      value=""
    />
  </div>
  <div>
    <button
      className="rfp-button"
      disabled={false}
      id="submit"
      onClick={[Function]}
      type="submit"
    >
      submit
    </button>
  </div>
</form>
`;
