// Jest Snapshot v1, https://goo.gl/fbAQLP

exports[`Render Form with date input | date input all rules | onChange -> error label 1`] = `
<form>
  <div>
    <div>
      date
    </div>
    <input
      className="rfp-input"
      id="date"
      invalid={false}
      max="2018-12-10"
      min="2018-10-10"
      onBlur={[Function]}
      onChange={[Function]}
      onFocus={[Function]}
      required={true}
      type="date"
      valid={false}
      value=""
    />
  </div>
  <div>
    <button
      className="rfp-button"
      disabled={false}
      id="submit"
      onClick={[Function]}
      type="submit"
    >
      submit
    </button>
  </div>
</form>
`;
