// Jest Snapshot v1, https://goo.gl/fbAQLP

exports[`Render Form with file input | file input all rules | preOnChange -> should take files not value 1`] = `
<form
  enctype="application/x-www-form-urlencoded"
>
  <div>
    <div>
      email
    </div>
    <input
      className="rfp-input"
      id="file"
      invalid={false}
      onBlur={[Function]}
      onChange={[Function]}
      onFocus={[Function]}
      type="file"
      valid={false}
      value=""
    />
  </div>
</form>
`;
