// Jest Snapshot v1, https://goo.gl/fbAQLP

exports[`Render Form with password input | onChange | test if input has to match sameAs 1`] = `
<form
  className="rfp-form"
>
  <input
    className="rfp-input"
    id="password"
    onBlur={[Function]}
    onChange={[Function]}
    onFocus={[Function]}
    type="password"
    value="12345"
  />
  <input
    className="rfp-input"
    id="password2"
    onBlur={[Function]}
    onChange={[Function]}
    onFocus={[Function]}
    type="password"
    value=""
  />
</form>
`;
