// Jest Snapshot v1, https://goo.gl/fbAQLP

exports[`Render Form with password input | onChange | test if input has to match sameAs 1`] = `
<form>
  <input
    className="rfp-input"
    id="password"
    invalid={false}
    onBlur={[Function]}
    onChange={[Function]}
    onFocus={[Function]}
    sameAs="password2"
    type="password"
    valid={false}
    value="12345"
  />
  <input
    className="rfp-input"
    id="password2"
    invalid={false}
    onBlur={[Function]}
    onChange={[Function]}
    onFocus={[Function]}
    sameAs="password"
    type="password"
    valid={false}
    value=""
  />
</form>
`;
