// Jest Snapshot v1, https://goo.gl/fbAQLP

exports[`Render Form with select input | bindTo 1`] = `
<form
  className="rfp-form"
>
  <select
    className="rfp-select"
    id="emailTemplate"
    onBlur={[Function]}
    onChange={[Function]}
    onFocus={[Function]}
    value=""
  >
    <option
      disabled={true}
      value=""
    >
      --- Select an email template ---
    </option>
    <option
      value="friends"
    >
      Friends
    </option>
    <option
      value="boss"
    >
      Boss
    </option>
  </select>
  <input
    className="rfp-input"
    id="subject"
    onBlur={[Function]}
    onChange={[Function]}
    onFocus={[Function]}
    type="text"
    value=""
  />
  <textarea
    className="rfp-textarea"
    cols="40"
    id="body"
    onBlur={[Function]}
    onChange={[Function]}
    onFocus={[Function]}
    rows="5"
    type="textarea"
    value=""
  />
</form>
`;
