// Jest Snapshot v1, https://goo.gl/fbAQLP

exports[`Render Form with text input | preOnChange | manipulate the input value to be duplicated 1`] = `
<form
  className="rfp-form"
>
  <div>
    <div>
      text
    </div>
    <input
      className="rfp-input"
      id="text"
      onBlur={[Function]}
      onChange={[Function]}
      onFocus={[Function]}
      type="text"
      value=""
    />
  </div>
</form>
`;
