// Jest Snapshot v1, https://goo.gl/fbAQLP

exports[`Render Form with text input | text input all rules 1`] = `
<form>
  <input
    bindTo="households"
    bindToAlways={false}
    bindToCallback={
      [MockFunction] {
        "calls": Array [
          Array [
            "1-2",
          ],
        ],
        "results": Array [
          Object {
            "type": "return",
            "value": undefined,
          },
        ],
      }
    }
    className="rfp-input"
    dynamic={false}
    id="housenumbers"
    invalid={false}
    onBlur={[Function]}
    onChange={[Function]}
    onFocus={[Function]}
    placeholder="2-7"
    type="text"
    valid={false}
    value=""
  />
  <input
    bindToAlways={false}
    className="rfp-input"
    dynamic={false}
    id="households"
    invalid={false}
    onBlur={[Function]}
    onChange={[Function]}
    onFocus={[Function]}
    placeholder="6"
    type="number"
    valid={false}
    value=""
  />
</form>
`;
