// Jest Snapshot v1, https://goo.gl/fbAQLP

exports[`Render Form with text input | text input all rules 1`] = `
<form
  className="rfp-form"
>
  <input
    className="rfp-input"
    id="housenumbers"
    onBlur={[Function]}
    onChange={[Function]}
    onFocus={[Function]}
    placeholder="2-7"
    type="text"
    value=""
  />
  <input
    className="rfp-input"
    id="households"
    onBlur={[Function]}
    onChange={[Function]}
    onFocus={[Function]}
    placeholder="6"
    type="number"
    value=""
  />
</form>
`;
