// Jest Snapshot v1, https://goo.gl/fbAQLP

exports[`Render Form with text input | text input all rules 1`] = `
<form
  className="rfp-form"
>
  <div>
    <div>
      text
    </div>
    <input
      className="rfp-input"
      id="text"
      match={/react/}
      max="8"
      min="3"
      onBlur={[Function]}
      onChange={[Function]}
      onFocus={[Function]}
      required={true}
      type="text"
      value=""
    />
  </div>
  <div>
    <button
      className="rfp-button"
      disabled={false}
      id="submit"
      onClick={[Function]}
      onMouseEnter={[Function]}
      onMouseLeave={[Function]}
      type="submit"
    >
      submit
    </button>
  </div>
</form>
`;
