// Jest Snapshot v1, https://goo.gl/fbAQLP

exports[`Render Form with text input | onChange | test value, valid, invalid, pristine, dirty 1`] = `
<form
  enctype="application/x-www-form-urlencoded"
>
  <div>
    <div>
      text
    </div>
    <input
      className="rfp-input"
      id="text"
      invalid={false}
      match={/react/}
      max="8"
      min="3"
      onBlur={[Function]}
      onChange={[Function]}
      onFocus={[Function]}
      type="text"
      valid={false}
      value=""
    />
  </div>
</form>
`;
