// Jest Snapshot v1, https://goo.gl/fbAQLP

exports[`Render Form with url input | url input no rules 1`] = `
<form>
  <div>
    <div>
      url
    </div>
    <input
      className="rfp-input"
      id="url"
      invalid={false}
      onBlur={[Function]}
      onChange={[Function]}
      onFocus={[Function]}
      type="url"
      valid={false}
      value=""
    />
  </div>
  <div>
    <button
      className="rfp-button"
      disabled={false}
      id="submit"
      onClick={[Function]}
      onMouseEnter={[Function]}
      onMouseLeave={[Function]}
      type="submit"
    >
      submit
    </button>
  </div>
</form>
`;
