// Jest Snapshot v1, https://goo.gl/fbAQLP

exports[`Render Form with button | add and remove fields | click button 1`] = `
<form>
  <div>
    <input
      className="rfp-input"
      id="company-0"
      invalid={false}
      onBlur={[Function]}
      onChange={[Function]}
      onFocus={[Function]}
      placeholder="Company 0"
      required={true}
      type="text"
      valid={false}
      value=""
    />
    <button
      className="rfp-button"
      disabled={false}
      fieldId="company-0"
      id="removeField"
      onClick={[Function]}
      rfpRole="removeField"
      type="button"
    >
      Remove Company
    </button>
  </div>
  <div>
    <button
      className="rfp-button"
      disabled={false}
      field={
        Object {
          "id": "company-1",
          "required": true,
          "type": "text",
        }
      }
      id="addField"
      onClick={[Function]}
      rfpRole="addField"
      type="button"
    >
      Add Company
    </button>
  </div>
</form>
`;
