// Jest Snapshot v1, https://goo.gl/fbAQLP

exports[`Render Form with button | add and remove fields | click button 1`] = `
<form
  className="rfp-form"
>
  <div>
    <input
      className="rfp-input"
      id="company-0"
      onBlur={[Function]}
      onChange={[Function]}
      onFocus={[Function]}
      placeholder="Company 0"
      required={true}
      type="text"
      value=""
    />
    <button
      className="rfp-button"
      disabled={false}
      id="removeField"
      onClick={[Function]}
      onMouseEnter={[Function]}
      onMouseLeave={[Function]}
      type="button"
    >
      Remove Company
    </button>
  </div>
  <div>
    <button
      className="rfp-button"
      disabled={false}
      id="addField"
      onClick={[Function]}
      onMouseEnter={[Function]}
      onMouseLeave={[Function]}
      type="button"
    >
      Add Company
    </button>
  </div>
</form>
`;
