// Jest Snapshot v1, https://goo.gl/fbAQLP

exports[`Render Form with text input | FieldWrapper | text input all rules 1`] = `
<form
  enctype="application/x-www-form-urlencoded"
>
  <div>
    <div>
      text
    </div>
    <input
      onBlur={[Function]}
      onChange={[Function]}
      onFocus={[Function]}
    />
  </div>
</form>
`;
